Microchip MPLAB XC8 Compiler V2.40

Linker command line:

-W-3 \
  --edf=C:\Program Files\Microchip\xc8\v2.40\pic\dat\20220703182018_en.msgs \
  -cn -h+dist/default/production\Lab03_Digital2_Master.X.production.sym \
  --cmf=dist/default/production\Lab03_Digital2_Master.X.production.cmf -z \
  -Q16F887 -oC:\Users\Black\AppData\Local\Temp\xcAs2i0.4 \
  --defsym=__MPLAB_BUILD=1 --fixupoverflow=error \
  -Mdist/default/production/Lab03_Digital2_Master.X.production.map \
  --md=C:\Users\Black\AppData\Local\Temp\xcAs2i0.dat -E1 -ver=XC8 Compiler \
  --acfsm=1493 -ACODE=00h-07FFhx4 -ASTRCODE=00h-01FFFh -ASTRING=00h-0FFhx32 \
  -ACONST=00h-0FFhx32 -AENTRY=00h-0FFhx32 -ACOMMON=070h-07Fh \
  -ABANK0=020h-06Fh -ABANK1=0A0h-0EFh -ABANK2=0110h-016Fh \
  -ABANK3=0190h-01EFh -ARAM=020h-06Fh,0A0h-0EFh,0110h-016Fh,0190h-01EFh \
  -AABS1=020h-07Fh,0A0h-0EFh,0110h-016Fh,0190h-01EFh -ASFR0=00h-01Fh \
  -ASFR1=080h-09Fh -ASFR2=0100h-010Fh -ASFR3=0180h-018Fh \
  -ACONFIG=02007h-02008h -DCONFIG=2 -AIDLOC=02000h-02003h -DIDLOC=2 \
  -AEEDATA=00h-0FFh/02100h -peeprom_data=EEDATA -DEEDATA=2 -DCODE=2 \
  -DSTRCODE=2 -DSTRING=2 -DCONST=2 -DENTRY=2 \
  -preset_vec=00h,intentry,init,end_init -ppowerup=CODE -pcinit=CODE \
  -pfunctab=ENTRY -k C:\Users\Black\AppData\Local\Temp\xcAs2i0.o \
  dist/default/production\Lab03_Digital2_Master.X.production.o 

Object code version is 3.11

Machine type is 16F887



                Name                               Link     Load   Length Selector   Space Scale
C:\Users\Black\AppData\Local\Temp\xcAs2i0.o
                end_init                              0        0        3        0       0
                config                             2007     2007        2        0       4
                idloc                              2000     2000        4        0       5
dist/default/production\Lab03_Digital2_Master.X.production.o
                cinit                               7EB      7EB       15      FD6       0
                config                             2007     2007        2        0       4
                idloc                              2000     2000        4        0       5
                text15                              3EF      3EF        6      7DE       0
                text14                              44E      44E       1A      89C       0
                text13                              413      413        D      826       0
                text12                              56D      56D       4B      ADA       0
                text11                              468      468       20      8D0       0
                text10                              436      436       18      86C       0
                text9                               4E7      4E7       42      9CE       0
                text8                               420      420       16      840       0
                text7                               488      488       25      910       0
                text6                               3FB      3FB        7      7F6       0
                text5                               40A      40A        9      814       0
                text4                               3F5      3F5        6      7EA       0
                text3                               529      529       44      A52       0
                text2                               4AD      4AD       3A      95A       0
                text1                               5B8      5B8       DA      B70       0
                maintext                            692      692      159      D24       0
                cstackBANK0                          4F       4F       13       20       1
                cstackCOMMON                         70       70        E       70       1
                clrtext                             402      402        8      804       0
                bssBANK1                             A0       A0        F       A0       1
                bssBANK0                             20       20       2F       20       1
                strings                               3        3       2D        6       0

TOTAL           Name                               Link     Load   Length     Space
        CLASS   CODE           
                end_init                              0        0        3         0
                cinit                               7EB      7EB       15         0
                text15                              3EF      3EF        6         0
                text14                              44E      44E       1A         0
                text13                              413      413        D         0
                text12                              56D      56D       4B         0
                text11                              468      468       20         0
                text10                              436      436       18         0
                text9                               4E7      4E7       42         0
                text8                               420      420       16         0
                text7                               488      488       25         0
                text6                               3FB      3FB        7         0
                text5                               40A      40A        9         0
                text4                               3F5      3F5        6         0
                text3                               529      529       44         0
                text2                               4AD      4AD       3A         0
                text1                               5B8      5B8       DA         0
                maintext                            692      692      159         0
                clrtext                             402      402        8         0

        CLASS   STRCODE        

        CLASS   STRING         
                strings                               3        3       2D         0

        CLASS   CONST          

        CLASS   ENTRY          

        CLASS   COMMON         
                cstackCOMMON                         70       70        E         1

        CLASS   BANK0          
                cstackBANK0                          4F       4F       13         1
                bssBANK0                             20       20       2F         1

        CLASS   BANK1          
                bssBANK1                             A0       A0        F         1

        CLASS   BANK2          

        CLASS   BANK3          

        CLASS   RAM            

        CLASS   ABS1           
                abs_s1                               7E       7E        2         1

        CLASS   SFR0           

        CLASS   SFR1           

        CLASS   SFR2           

        CLASS   SFR3           

        CLASS   CONFIG         
                config                             2007     2007        2         4

        CLASS   IDLOC          
                idloc                              2000     2000        4         5

        CLASS   EEDATA         

        CLASS   STACK          



SEGMENTS        Name                           Load    Length   Top    Selector   Space  Class     Delta

                reset_vec                      000000  000003  000003         0       0  CODE        2
                strings                        000003  00002D  000030         6       0  STRING      2
                bssBANK0                       000020  000042  000062        20       1  BANK0       1
                cstackCOMMON                   000070  00000E  00007E        70       1  COMMON      1
                bssBANK1                       0000A0  00000F  0000AF        A0       1  BANK1       1
                text15                         0003EF  000006  0003F5       7DE       0  CODE        2
                text4                          0003F5  000006  0003FB       7EA       0  CODE        2
                text6                          0003FB  000007  000402       7F6       0  CODE        2
                clrtext                        000402  000008  00040A       804       0  CODE        2
                text5                          00040A  000009  000413       814       0  CODE        2
                text13                         000413  00000D  000420       826       0  CODE        2
                text8                          000420  000016  000436       840       0  CODE        2
                text10                         000436  000018  00044E       86C       0  CODE        2
                text14                         00044E  00001A  000468       89C       0  CODE        2
                text11                         000468  000020  000488       8D0       0  CODE        2
                text7                          000488  000025  0004AD       910       0  CODE        2
                text2                          0004AD  00003A  0004E7       95A       0  CODE        2
                text9                          0004E7  000042  000529       9CE       0  CODE        2
                text3                          000529  000044  00056D       A52       0  CODE        2
                text12                         00056D  00004B  0005B8       ADA       0  CODE        2
                text1                          0005B8  0000DA  000692       B70       0  CODE        2
                maintext                       000692  000159  0007EB       D24       0  CODE        2
                cinit                          0007EB  000015  000800       FD6       0  CODE        2


UNUSED ADDRESS RANGES

        Name                Unused          Largest block    Delta
        BANK0            0062-006F              E           1
        BANK1            00AF-00EF             41           1
        BANK2            0110-016F             60           1
        BANK3            0190-01EF             60           1
        CODE             0030-03EE            3BF           2
                         0800-1FFF            800
        CONST            0030-03EE            100           2
                         0800-1FFF            100
        EEDATA           2100-21FF            100           2
        ENTRY            0030-03EE            100           2
                         0800-1FFF            100
        RAM              0062-006F              E           1
                         00AF-00EF             41
                         0110-016F             60
                         0190-01EF             60
        SFR0             0000-001F             20           1
        SFR1             0080-009F             20           1
        SFR2             0100-010F             10           1
        SFR3             0180-018F             10           1
        STRCODE          0030-03EE            3BF           2
                         0800-1FFF           1800
        STRING           0030-03EE            100           2
                         0800-1FFF            100

                                  Symbol Table

?___lwdiv                  cstackCOMMON 0070
?___lwmod                  cstackCOMMON 0078
?_sprintf                  cstackBANK0  004F
Lcd_Cmd8@a                 cstackCOMMON 0073
Lcd_Port8@a                cstackCOMMON 0070
Lcd_Set_Cursor8@a          cstackCOMMON 0075
Lcd_Set_Cursor8@b          cstackCOMMON 0074
Lcd_Set_Cursor8@temp       cstackCOMMON 0076
Lcd_Write_Char8@a          cstackCOMMON 0073
Lcd_Write_Char8@y          cstackCOMMON 0072
Lcd_Write_String8@a        cstackCOMMON 0074
Lcd_Write_String8@i        cstackCOMMON 0079
_ANSEL                     (abs)        0188
_ANSELH                    (abs)        0189
_Lcd_Clear8                text13       0413
_Lcd_Cmd8                  text14       044E
_Lcd_Init8                 text12       056D
_Lcd_Port8                 text15       03EF
_Lcd_Set_Cursor8           text11       0468
_Lcd_Write_Char8           text10       0436
_Lcd_Write_String8         text9        04E7
_OSCCONbits                (abs)        008F
_PORTB                     (abs)        0006
_PORTCbits                 (abs)        0007
_PORTD                     (abs)        0008
_PORTE                     (abs)        0009
_PORTEbits                 (abs)        0009
_SSPBUF                    (abs)        0013
_SSPCON                    (abs)        0014
_SSPSTAT                   (abs)        0094
_SSPSTATbits               (abs)        0094
_TRISA                     (abs)        0085
_TRISB                     (abs)        0086
_TRISC3                    (abs)        043B
_TRISC5                    (abs)        043D
_TRISCbits                 (abs)        0087
_TRISD                     (abs)        0088
_TRISE                     (abs)        0089
__Habs1                    abs1         0000
__Hbank0                   bank0        0000
__Hbank1                   bank1        0000
__Hbank2                   bank2        0000
__Hbank3                   bank3        0000
__HbssBANK0                bssBANK0     0000
__HbssBANK1                bssBANK1     0000
__Hcinit                   cinit        0800
__Hclrtext                 clrtext      0000
__Hcode                    code         0000
__Hcommon                  common       0000
__Hconfig                  config       2009
__HcstackBANK0             cstackBANK0  0000
__HcstackCOMMON            cstackCOMMON 0000
__Heeprom_data             eeprom_data  0000
__Hend_init                end_init     0003
__Hfunctab                 functab      0000
__Hidloc                   idloc        2004
__Hinit                    init         0000
__Hintentry                intentry     0000
__Hmaintext                maintext     0000
__Hpowerup                 powerup      0000
__Hram                     ram          0000
__Hreset_vec               reset_vec    0000
__Hsfr0                    sfr0         0000
__Hsfr1                    sfr1         0000
__Hsfr2                    sfr2         0000
__Hsfr3                    sfr3         0000
__Hspace_0                 (abs)        0800
__Hspace_1                 (abs)        00AF
__Hspace_2                 (abs)        0000
__Hspace_3                 (abs)        0000
__Hspace_4                 (abs)        4010
__Hstack                   stack        0000
__Hstrings                 strings      0000
__Htext                    text         0000
__Labs1                    abs1         0000
__Lbank0                   bank0        0000
__Lbank1                   bank1        0000
__Lbank2                   bank2        0000
__Lbank3                   bank3        0000
__LbssBANK0                bssBANK0     0000
__LbssBANK1                bssBANK1     0000
__Lcinit                   cinit        07EB
__Lclrtext                 clrtext      0000
__Lcode                    code         0000
__Lcommon                  common       0000
__Lconfig                  config       0000
__LcstackBANK0             cstackBANK0  0000
__LcstackCOMMON            cstackCOMMON 0000
__Leeprom_data             eeprom_data  0000
__Lend_init                end_init     0000
__Lfunctab                 functab      0000
__Lidloc                   idloc        0000
__Linit                    init         0000
__Lintentry                intentry     0000
__Lmaintext                maintext     0000
__Lpowerup                 powerup      0000
__Lram                     ram          0000
__Lreset_vec               reset_vec    0000
__Lsfr0                    sfr0         0000
__Lsfr1                    sfr1         0000
__Lsfr2                    sfr2         0000
__Lsfr3                    sfr3         0000
__Lspace_0                 (abs)        0000
__Lspace_1                 (abs)        0000
__Lspace_2                 (abs)        0000
__Lspace_3                 (abs)        0000
__Lspace_4                 (abs)        0000
__Lstack                   stack        0000
__Lstrings                 strings      0000
__Ltext                    text         0000
__S0                       (abs)        0800
__S1                       (abs)        00AF
__S3                       (abs)        0000
___int_sp                  stack        0000
___latbits                 (abs)        0002
___lwdiv                   text3        0529
___lwdiv@counter           cstackCOMMON 0077
___lwdiv@dividend          cstackCOMMON 0072
___lwdiv@divisor           cstackCOMMON 0070
___lwdiv@quotient          cstackCOMMON 0075
___lwmod                   text2        04AD
___lwmod@counter           cstackCOMMON 007D
___lwmod@dividend          cstackCOMMON 007A
___lwmod@divisor           cstackCOMMON 0078
___sp                      stack        0000
___stackhi                 (abs)        0000
___stacklo                 (abs)        0000
__end_of_Lcd_Clear8        text13       0420
__end_of_Lcd_Cmd8          text14       0468
__end_of_Lcd_Init8         text12       05B8
__end_of_Lcd_Port8         text15       03F5
__end_of_Lcd_Set_Cursor8   text11       0488
__end_of_Lcd_Write_Char8   text10       044E
__end_of_Lcd_Write_String8 text9        0529
__end_of___lwdiv           text3        056D
__end_of___lwmod           text2        04E7
__end_of__initialization   cinit        07FC
__end_of__stringtab        strings      0013
__end_of_dpowers           strings      001D
__end_of_main              maintext     07EB
__end_of_setup             text7        04AD
__end_of_spiInit           text8        0436
__end_of_spiRead           text5        0413
__end_of_spiReceiveWait    text6        0402
__end_of_spiWrite          text4        03FB
__end_of_sprintf           text1        0692
__initialization           cinit        07EB
__pbssBANK0                bssBANK0     0020
__pbssBANK1                bssBANK1     00A0
__pcstackBANK0             cstackBANK0  004F
__pcstackCOMMON            cstackCOMMON 0070
__pmaintext                maintext     0692
__pstrings                 strings      0003
__ptext1                   text1        05B8
__ptext10                  text10       0436
__ptext11                  text11       0468
__ptext12                  text12       056D
__ptext13                  text13       0413
__ptext14                  text14       044E
__ptext15                  text15       03EF
__ptext2                   text2        04AD
__ptext3                   text3        0529
__ptext4                   text4        03F5
__ptext5                   text5        040A
__ptext6                   text6        03FB
__ptext7                   text7        0488
__ptext8                   text8        0420
__ptext9                   text9        04E7
__stringbase               strings      0012
__stringtab                strings      0003
_charesc1                  bssBANK0     0040
_charesc2                  bssBANK0     0031
_charesc22                 bssBANK0     0022
_dpowers                   strings      0013
_main                      maintext     0692
_setup                     text7        0488
_spiInit                   text8        0420
_spiRead                   text5        040A
_spiReceiveWait            text6        03FB
_spiWrite                  text4        03F5
_sprintf                   text1        05B8
btemp                      (abs)        007E
clear_ram0                 clrtext      0402
end_of_initialization      cinit        07FC
intlevel0                  functab      0000
intlevel1                  functab      0000
intlevel2                  functab      0000
intlevel3                  functab      0000
intlevel4                  functab      0000
intlevel5                  functab      0000
main@esc1                  cstackBANK0  005F
main@esc2                  cstackBANK0  0060
main@esc22                 cstackBANK0  0061
reset_vec                  reset_vec    0000
spiInit@sClockIdle         cstackCOMMON 0071
spiInit@sDataSample        cstackCOMMON 0070
spiInit@sTransmitEdge      cstackCOMMON 0072
spiInit@sType              cstackCOMMON 0073
spiWrite@dat               cstackCOMMON 0070
sprintf@ap                 cstackBANK0  0055
sprintf@c                  cstackBANK0  005B
sprintf@f                  cstackBANK0  004F
sprintf@flag               cstackBANK0  0056
sprintf@prec               cstackBANK0  0057
sprintf@sp                 cstackBANK0  005A
sprintf@val                cstackBANK0  0058
start                      init         0000
start_initialization       cinit        07EB
wtemp0                     (abs)        007E


MODULE INFORMATION

Module		Function		Class		Link	Load	Size
Master.c
		_main          		CODE           	0692	0000	345
		_setup         		CODE           	0488	0000	37

Master.c estimated size: 382

LCD8bits.c
		_Lcd_Init8     		CODE           	056D	0000	75
		_Lcd_Cmd8      		CODE           	044E	0000	26
		_Lcd_Write_Char8		CODE           	0436	0000	24
		_Lcd_Write_String8		CODE           	04E7	0000	66
		_Lcd_Clear8    		CODE           	0413	0000	13
		_Lcd_Set_Cursor8		CODE           	0468	0000	32
		_Lcd_Port8     		CODE           	03EF	0000	6

LCD8bits.c estimated size: 242

C:\Program Files\Microchip\xc8\v2.40\pic\sources\c90\common\doprnt.c
		_sprintf       		CODE           	05B8	0000	218

C:\Program Files\Microchip\xc8\v2.40\pic\sources\c90\common\doprnt.c estimated size: 218

C:\Program Files\Microchip\xc8\v2.40\pic\sources\c90\common\lwmod.c
		___lwmod       		CODE           	04AD	0000	58

C:\Program Files\Microchip\xc8\v2.40\pic\sources\c90\common\lwmod.c estimated size: 58

shared
		__stringtab    		STRING         	0003	0000	16
		_dpowers       		STRING         	0013	0000	10
		__initialization		CODE           	07EB	0000	17

shared estimated size: 43

SPI.c
		_spiWrite      		CODE           	03F5	0000	6
		_spiInit       		CODE           	0420	0000	22
		_spiReceiveWait		CODE           	03FB	0000	7
		_spiRead       		CODE           	040A	0000	9

SPI.c estimated size: 44

C:\Program Files\Microchip\xc8\v2.40\pic\sources\c90\common\lwdiv.c
		___lwdiv       		CODE           	0529	0000	68

C:\Program Files\Microchip\xc8\v2.40\pic\sources\c90\common\lwdiv.c estimated size: 68

